1 8
2
3
4 DEVO 5 7 2 12
7 311
5 25 23
8A RUSH
8B 15 13
10 PRINCE
11 CCR 10
