1A 5
12A 7CP8
5 63065 2515
2
12B FK
1A 5
13 54197 7895
12A X08YDL
8B 6889 53332
7 40127
5 64640 12392
3
12B Y
7 45708
1A 6
1A 8
12A U
4 OKNW 49875 2017 60923 260
5 7659 38155
2
8A 5PMQ4L
