1A 6
2
3
4 DEVO 5 7 2 12
7 311
6 DRDRE
5 25 23
8A RUSH
8B 15 13
10 PRINCE
11 CCR 10
12A EAGLES
12B QUEEN
13 42 42
14 10 20 30 40
